======================================
K-means 1D - Testes Completos
======================================
Diretório do projeto: /Users/arazoleonardo/K-Means-PCD-Project

Usando compilador: /opt/homebrew/bin/gcc-15

======================================
Gerando datasets globais...
======================================
Datasets já existem

======================================
Criando links simbólicos...
======================================
Links criados em serial/ e openmp/

======================================
Compilando versões...
======================================
Versão serial compilada
Versão OpenMP compilada

Sistema: darwin25
Cores disponíveis: 8

======================================
TESTES - VERSÃO SERIAL
======================================

Dataset PEQUENO (N=10,000, K=4)
K-means 1D (SERIAL)
N=10000 K=4 max_iter=50 eps=1e-06
Iterações: 12 | SSE final: 61203.756968 | Tempo: 1.6 ms

Dataset MÉDIO (N=100,000, K=8)
K-means 1D (SERIAL)
N=100000 K=8 max_iter=50 eps=1e-06
Iterações: 50 | SSE final: 80284.876627 | Tempo: 105.6 ms

Dataset GRANDE (N=1,000,000, K=16)
K-means 1D (SERIAL)
N=1000000 K=16 max_iter=50 eps=1e-06
Iterações: 50 | SSE final: 171354.460887 | Tempo: 1300.9 ms

======================================
TESTES - VERSÃO OPENMP
======================================

======================================
OpenMP com 1 thread(s)
======================================

Dataset PEQUENO (N=10,000, K=4)
K-means 1D (OpenMP)
Threads: 1
N=10000 K=4 max_iter=50 eps=1e-06
Iterações: 12 | SSE final: 61203.756968 | Tempo: 2.1 ms

Dataset MÉDIO (N=100,000, K=8)
K-means 1D (OpenMP)
Threads: 1
N=100000 K=8 max_iter=50 eps=1e-06
Iterações: 50 | SSE final: 80284.876627 | Tempo: 110.4 ms

Dataset GRANDE (N=1,000,000, K=16)
K-means 1D (OpenMP)
Threads: 1
N=1000000 K=16 max_iter=50 eps=1e-06
Iterações: 50 | SSE final: 171354.460887 | Tempo: 1282.0 ms

======================================
OpenMP com 2 thread(s)
======================================

Dataset PEQUENO (N=10,000, K=4)
K-means 1D (OpenMP)
Threads: 2
N=10000 K=4 max_iter=50 eps=1e-06
Iterações: 12 | SSE final: 61203.756968 | Tempo: 1.4 ms

Dataset MÉDIO (N=100,000, K=8)
K-means 1D (OpenMP)
Threads: 2
N=100000 K=8 max_iter=50 eps=1e-06
Iterações: 50 | SSE final: 80284.876627 | Tempo: 53.2 ms

Dataset GRANDE (N=1,000,000, K=16)
K-means 1D (OpenMP)
Threads: 2
N=1000000 K=16 max_iter=50 eps=1e-06
Iterações: 50 | SSE final: 171354.460887 | Tempo: 683.9 ms

======================================
OpenMP com 4 thread(s)
======================================

Dataset PEQUENO (N=10,000, K=4)
K-means 1D (OpenMP)
Threads: 4
N=10000 K=4 max_iter=50 eps=1e-06
Iterações: 12 | SSE final: 61203.756968 | Tempo: 1.9 ms

Dataset MÉDIO (N=100,000, K=8)
K-means 1D (OpenMP)
Threads: 4
N=100000 K=8 max_iter=50 eps=1e-06
Iterações: 50 | SSE final: 80284.876627 | Tempo: 55.4 ms

Dataset GRANDE (N=1,000,000, K=16)
K-means 1D (OpenMP)
Threads: 4
N=1000000 K=16 max_iter=50 eps=1e-06
Iterações: 50 | SSE final: 171354.460887 | Tempo: 373.7 ms

======================================
OpenMP com 8 thread(s)
======================================

Dataset PEQUENO (N=10,000, K=4)
K-means 1D (OpenMP)
Threads: 8
N=10000 K=4 max_iter=50 eps=1e-06
Iterações: 12 | SSE final: 61203.756968 | Tempo: 2.2 ms

Dataset MÉDIO (N=100,000, K=8)
K-means 1D (OpenMP)
Threads: 8
N=100000 K=8 max_iter=50 eps=1e-06
Iterações: 50 | SSE final: 80284.876627 | Tempo: 30.3 ms

Dataset GRANDE (N=1,000,000, K=16)
K-means 1D (OpenMP)
Threads: 8
N=1000000 K=16 max_iter=50 eps=1e-06
Iterações: 50 | SSE final: 171354.460887 | Tempo: 315.9 ms

======================================
OpenMP com 16 thread(s)
======================================

Dataset PEQUENO (N=10,000, K=4)
K-means 1D (OpenMP)
Threads: 16
N=10000 K=4 max_iter=50 eps=1e-06
Iterações: 12 | SSE final: 61203.756968 | Tempo: 4.1 ms

Dataset MÉDIO (N=100,000, K=8)
K-means 1D (OpenMP)
Threads: 16
N=100000 K=8 max_iter=50 eps=1e-06
Iterações: 50 | SSE final: 80284.876627 | Tempo: 36.1 ms

Dataset GRANDE (N=1,000,000, K=16)
K-means 1D (OpenMP)
Threads: 16
N=1000000 K=16 max_iter=50 eps=1e-06
Iterações: 50 | SSE final: 171354.460887 | Tempo: 289.1 ms

======================================
TESTES CONCLUÍDOS
======================================

Resultados salvos em:
  - serial/assign_serial_*.csv
  - serial/centroids_serial_*.csv
  - openmp/assign_omp*_*.csv
  - openmp/centroids_omp*_*.csv

Para análise detalhada:
  cd serial && python3 analyze_results.py
  cd openmp && python3 analyze_results.py
